File not found: ${COM_TI_SIMPLELINK_LOWPOWER_F3_SDK_INSTALL_DIR}/examples/rtos/LP_EM_CC2755P20/ble/host_test/Application/host_test_app.c
In project: examples/rtos/LP_EM_CC2755P10/dmm/ble_hci_ser_mux/freertos/ticlang/ble_hci_ser_mux_LP_EM_CC2755P10_freertos_ticlang.projectspec

File not found: ${COM_TI_SIMPLELINK_LOWPOWER_F3_SDK_INSTALL_DIR}/examples/rtos/LP_EM_CC2755P20/ble/host_test/Application/host_test_app.h
In project: examples/rtos/LP_EM_CC2755P10/dmm/ble_hci_ser_mux/freertos/ticlang/ble_hci_ser_mux_LP_EM_CC2755P10_freertos_ticlang.projectspec

File not found: ${COM_TI_SIMPLELINK_LOWPOWER_F3_SDK_INSTALL_DIR}/examples/rtos/LP_EM_CC2755P20/ble/host_test/Application/Queue_freertos.c
In project: examples/rtos/LP_EM_CC2755P10/dmm/ble_hci_ser_mux/freertos/ticlang/ble_hci_ser_mux_LP_EM_CC2755P10_freertos_ticlang.projectspec

File not found: ${COM_TI_SIMPLELINK_LOWPOWER_F3_SDK_INSTALL_DIR}/examples/rtos/LP_EM_CC2755P20/ble/host_test/Application/Queue_freertos.h
In project: examples/rtos/LP_EM_CC2755P10/dmm/ble_hci_ser_mux/freertos/ticlang/ble_hci_ser_mux_LP_EM_CC2755P10_freertos_ticlang.projectspec

File not found: ${COM_TI_SIMPLELINK_LOWPOWER_F3_SDK_INSTALL_DIR}/source/ti/ble/stack_util/icall/app/icall.h
In project: examples/rtos/LP_EM_CC2755P10/dmm/ble_hci_ser_mux/freertos/ticlang/ble_hci_ser_mux_LP_EM_CC2755P10_freertos_ticlang.projectspec

File not found: ${COM_TI_SIMPLELINK_LOWPOWER_F3_SDK_INSTALL_DIR}/source/ti/ble/stack_util/icall/app/icall_addrs.h
In project: examples/rtos/LP_EM_CC2755P10/dmm/ble_hci_ser_mux/freertos/ticlang/ble_hci_ser_mux_LP_EM_CC2755P10_freertos_ticlang.projectspec

File not found: ${COM_TI_SIMPLELINK_LOWPOWER_F3_SDK_INSTALL_DIR}/source/ti/ble/stack_util/icall/app/src/icall.c
In project: examples/rtos/LP_EM_CC2755P10/dmm/ble_hci_ser_mux/freertos/ticlang/ble_hci_ser_mux_LP_EM_CC2755P10_freertos_ticlang.projectspec

File not found: ${COM_TI_SIMPLELINK_LOWPOWER_F3_SDK_INSTALL_DIR}/source/ti/ble/stack_util/icall/app/icall_platform.h
In project: examples/rtos/LP_EM_CC2755P10/dmm/ble_hci_ser_mux/freertos/ticlang/ble_hci_ser_mux_LP_EM_CC2755P10_freertos_ticlang.projectspec

File not found: ${COM_TI_SIMPLELINK_LOWPOWER_F3_SDK_INSTALL_DIR}/source/ti/ble/stack_util/icall/app/src/icall_user_config.c
In project: examples/rtos/LP_EM_CC2755P10/dmm/ble_hci_ser_mux/freertos/ticlang/ble_hci_ser_mux_LP_EM_CC2755P10_freertos_ticlang.projectspec

File not found: ${COM_TI_SIMPLELINK_LOWPOWER_F3_SDK_INSTALL_DIR}/source/ti/ble/stack_util/icall/app/icall_user_config.h
In project: examples/rtos/LP_EM_CC2755P10/dmm/ble_hci_ser_mux/freertos/ticlang/ble_hci_ser_mux_LP_EM_CC2755P10_freertos_ticlang.projectspec

File not found: ${COM_TI_SIMPLELINK_LOWPOWER_F3_SDK_INSTALL_DIR}/source/ti/ble/app_util/config/src/ble_user_config.c
In project: examples/rtos/LP_EM_CC2755P10/dmm/ble_hci_ser_mux/freertos/ticlang/ble_hci_ser_mux_LP_EM_CC2755P10_freertos_ticlang.projectspec

File not found: ${COM_TI_SIMPLELINK_LOWPOWER_F3_SDK_INSTALL_DIR}/source/ti/ble/app_util/config/ble_user_config.h
In project: examples/rtos/LP_EM_CC2755P10/dmm/ble_hci_ser_mux/freertos/ticlang/ble_hci_ser_mux_LP_EM_CC2755P10_freertos_ticlang.projectspec

File not found: ${COM_TI_SIMPLELINK_LOWPOWER_F3_SDK_INSTALL_DIR}/source/ti/ble/app_util/config/src/hci_supported_cmd.c
In project: examples/rtos/LP_EM_CC2755P10/dmm/ble_hci_ser_mux/freertos/ticlang/ble_hci_ser_mux_LP_EM_CC2755P10_freertos_ticlang.projectspec

File not found: ${COM_TI_SIMPLELINK_LOWPOWER_F3_SDK_INSTALL_DIR}/source/ti/ble/controller/hci/hci_supported_cmd.h
In project: examples/rtos/LP_EM_CC2755P10/dmm/ble_hci_ser_mux/freertos/ticlang/ble_hci_ser_mux_LP_EM_CC2755P10_freertos_ticlang.projectspec

File not found: ${COM_TI_SIMPLELINK_LOWPOWER_F3_SDK_INSTALL_DIR}/source/ti/ble/stack_util/icall/app/icall_ble_apimsg.h
In project: examples/rtos/LP_EM_CC2755P10/dmm/ble_hci_ser_mux/freertos/ticlang/ble_hci_ser_mux_LP_EM_CC2755P10_freertos_ticlang.projectspec

File not found: ${COM_TI_SIMPLELINK_LOWPOWER_F3_SDK_INSTALL_DIR}/source/ti/common/nv/crc.c
In project: examples/rtos/LP_EM_CC2755P10/dmm/ble_hci_ser_mux/freertos/ticlang/ble_hci_ser_mux_LP_EM_CC2755P10_freertos_ticlang.projectspec

File not found: ${COM_TI_SIMPLELINK_LOWPOWER_F3_SDK_INSTALL_DIR}/source/ti/common/nv/crc.h
In project: examples/rtos/LP_EM_CC2755P10/dmm/ble_hci_ser_mux/freertos/ticlang/ble_hci_ser_mux_LP_EM_CC2755P10_freertos_ticlang.projectspec

File not found: ${COM_TI_SIMPLELINK_LOWPOWER_F3_SDK_INSTALL_DIR}/source/ti/common/nv/nvocmp.c
In project: examples/rtos/LP_EM_CC2755P10/dmm/ble_hci_ser_mux/freertos/ticlang/ble_hci_ser_mux_LP_EM_CC2755P10_freertos_ticlang.projectspec

File not found: ${COM_TI_SIMPLELINK_LOWPOWER_F3_SDK_INSTALL_DIR}/source/ti/common/nv/nvocmp.h
In project: examples/rtos/LP_EM_CC2755P10/dmm/ble_hci_ser_mux/freertos/ticlang/ble_hci_ser_mux_LP_EM_CC2755P10_freertos_ticlang.projectspec

File not found: ${COM_TI_SIMPLELINK_LOWPOWER_F3_SDK_INSTALL_DIR}/source/ti/common/nv/nvintf.h
In project: examples/rtos/LP_EM_CC2755P10/dmm/ble_hci_ser_mux/freertos/ticlang/ble_hci_ser_mux_LP_EM_CC2755P10_freertos_ticlang.projectspec

File not found: ${COM_TI_SIMPLELINK_LOWPOWER_F3_SDK_INSTALL_DIR}/source/ti/ble/stack_util/lib_opt/rom_init.c
In project: examples/rtos/LP_EM_CC2755P10/dmm/ble_hci_ser_mux/freertos/ticlang/ble_hci_ser_mux_LP_EM_CC2755P10_freertos_ticlang.projectspec

File not found: ${COM_TI_SIMPLELINK_LOWPOWER_F3_SDK_INSTALL_DIR}/source/ti/ble/stack_util/lib_opt/src/ctrl_opt_padv.c
In project: examples/rtos/LP_EM_CC2755P10/dmm/ble_hci_ser_mux/freertos/ticlang/ble_hci_ser_mux_LP_EM_CC2755P10_freertos_ticlang.projectspec

File not found: ${COM_TI_SIMPLELINK_LOWPOWER_F3_SDK_INSTALL_DIR}/source/ti/ble/stack_util/lib_opt/src/ctrl_opt_pscan.c
In project: examples/rtos/LP_EM_CC2755P10/dmm/ble_hci_ser_mux/freertos/ticlang/ble_hci_ser_mux_LP_EM_CC2755P10_freertos_ticlang.projectspec

File not found: ${COM_TI_SIMPLELINK_LOWPOWER_F3_SDK_INSTALL_DIR}/source/ti/ble/stack_util/lib_opt/src/ctrl_opt_cs.c
In project: examples/rtos/LP_EM_CC2755P10/dmm/ble_hci_ser_mux/freertos/ticlang/ble_hci_ser_mux_LP_EM_CC2755P10_freertos_ticlang.projectspec

File not found: ${COM_TI_SIMPLELINK_LOWPOWER_F3_SDK_INSTALL_DIR}/source/ti/ble/stack_util/lib_opt/src/ctrl_opt_cs_test.c
In project: examples/rtos/LP_EM_CC2755P10/dmm/ble_hci_ser_mux/freertos/ticlang/ble_hci_ser_mux_LP_EM_CC2755P10_freertos_ticlang.projectspec

File not found: ${COM_TI_SIMPLELINK_LOWPOWER_F3_SDK_INSTALL_DIR}/source/ti/ble/stack_util/lib_opt/src/ctrl_opt_initiator.c
In project: examples/rtos/LP_EM_CC2755P10/dmm/ble_hci_ser_mux/freertos/ticlang/ble_hci_ser_mux_LP_EM_CC2755P10_freertos_ticlang.projectspec

File not found: ${COM_TI_SIMPLELINK_LOWPOWER_F3_SDK_INSTALL_DIR}/source/ti/ble/stack_util/lib_opt/src/ctrl_opt_connectable.c
In project: examples/rtos/LP_EM_CC2755P10/dmm/ble_hci_ser_mux/freertos/ticlang/ble_hci_ser_mux_LP_EM_CC2755P10_freertos_ticlang.projectspec

File not found: ${COM_TI_SIMPLELINK_LOWPOWER_F3_SDK_INSTALL_DIR}/source/ti/ble/stack_util/lib_opt/src/ctrl_opt_scanner.c
In project: examples/rtos/LP_EM_CC2755P10/dmm/ble_hci_ser_mux/freertos/ticlang/ble_hci_ser_mux_LP_EM_CC2755P10_freertos_ticlang.projectspec

File not found: ${COM_TI_SIMPLELINK_LOWPOWER_F3_SDK_INSTALL_DIR}/source/ti/ble/stack_util/lib_opt/src/ctrl_opt_cm.c
In project: examples/rtos/LP_EM_CC2755P10/dmm/ble_hci_ser_mux/freertos/ticlang/ble_hci_ser_mux_LP_EM_CC2755P10_freertos_ticlang.projectspec

File not found: ${COM_TI_SIMPLELINK_LOWPOWER_F3_SDK_INSTALL_DIR}/source/ti/ble/stack_util/lib_opt/src/ctrl_opt_power_control.c
In project: examples/rtos/LP_EM_CC2755P10/dmm/ble_hci_ser_mux/freertos/ticlang/ble_hci_ser_mux_LP_EM_CC2755P10_freertos_ticlang.projectspec

File not found: ${COM_TI_SIMPLELINK_LOWPOWER_F3_SDK_INSTALL_DIR}/source/ti/ble/stack_util/lib_opt/src/ctrl_opt_rssi_monitor.c
In project: examples/rtos/LP_EM_CC2755P10/dmm/ble_hci_ser_mux/freertos/ticlang/ble_hci_ser_mux_LP_EM_CC2755P10_freertos_ticlang.projectspec

File not found: ${COM_TI_SIMPLELINK_LOWPOWER_F3_SDK_INSTALL_DIR}/source/ti/ble/stack_util/lib_opt/src/ctrl_opt_connection_handover.c
In project: examples/rtos/LP_EM_CC2755P10/dmm/ble_hci_ser_mux/freertos/ticlang/ble_hci_ser_mux_LP_EM_CC2755P10_freertos_ticlang.projectspec

File not found: ${COM_TI_SIMPLELINK_LOWPOWER_F3_SDK_INSTALL_DIR}/source/ti/ble/stack_util/lib_opt/src/ctrl_opt_legacy_cmd.c
In project: examples/rtos/LP_EM_CC2755P10/dmm/ble_hci_ser_mux/freertos/ticlang/ble_hci_ser_mux_LP_EM_CC2755P10_freertos_ticlang.projectspec

File not found: ${COM_TI_SIMPLELINK_LOWPOWER_F3_SDK_INSTALL_DIR}/source/ti/ble/stack_util/lib_opt/src/ctrl_opt_health_check.c
In project: examples/rtos/LP_EM_CC2755P10/dmm/ble_hci_ser_mux/freertos/ticlang/ble_hci_ser_mux_LP_EM_CC2755P10_freertos_ticlang.projectspec

File not found: ${COM_TI_SIMPLELINK_LOWPOWER_F3_SDK_INSTALL_DIR}/source/ti/ble/stack_util/lib_opt/src/ctrl_opt_adv_conn.c
In project: examples/rtos/LP_EM_CC2755P10/dmm/ble_hci_ser_mux/freertos/ticlang/ble_hci_ser_mux_LP_EM_CC2755P10_freertos_ticlang.projectspec

File not found: ${COM_TI_SIMPLELINK_LOWPOWER_F3_SDK_INSTALL_DIR}/source/ti/ble/stack_util/lib_opt/src/ctrl_opt_adv_nconn.c
In project: examples/rtos/LP_EM_CC2755P10/dmm/ble_hci_ser_mux/freertos/ticlang/ble_hci_ser_mux_LP_EM_CC2755P10_freertos_ticlang.projectspec

File not found: ${COM_TI_SIMPLELINK_LOWPOWER_F3_SDK_INSTALL_DIR}/source/ti/ble/stack_util/lib_opt/src/ctrl_opt_ae.c
In project: examples/rtos/LP_EM_CC2755P10/dmm/ble_hci_ser_mux/freertos/ticlang/ble_hci_ser_mux_LP_EM_CC2755P10_freertos_ticlang.projectspec

File not found: ${COM_TI_SIMPLELINK_LOWPOWER_F3_SDK_INSTALL_DIR}/source/ti/ble/stack_util/lib_opt/src/ctrl_opt_adaptivity.c
In project: examples/rtos/LP_EM_CC2755P10/dmm/ble_hci_ser_mux/freertos/ticlang/ble_hci_ser_mux_LP_EM_CC2755P10_freertos_ticlang.projectspec

File not found: ${COM_TI_SIMPLELINK_LOWPOWER_F3_SDK_INSTALL_DIR}/source/ti/ble/stack_util/lib_opt/src/ctrl_opt_ble_health.c
In project: examples/rtos/LP_EM_CC2755P10/dmm/ble_hci_ser_mux/freertos/ticlang/ble_hci_ser_mux_LP_EM_CC2755P10_freertos_ticlang.projectspec

File not found: ${COM_TI_SIMPLELINK_LOWPOWER_F3_SDK_INSTALL_DIR}/source/ti/ble/stack_util/lib_opt/src/ctrl_opt_dmm.c
In project: examples/rtos/LP_EM_CC2755P10/dmm/ble_hci_ser_mux/freertos/ticlang/ble_hci_ser_mux_LP_EM_CC2755P10_freertos_ticlang.projectspec

File not found: ${COM_TI_SIMPLELINK_LOWPOWER_F3_SDK_INSTALL_DIR}/source/ti/ble/stack_util/lib_opt/src/ctrl_opt_dmm_dynamic_priority.c
In project: examples/rtos/LP_EM_CC2755P10/dmm/ble_hci_ser_mux/freertos/ticlang/ble_hci_ser_mux_LP_EM_CC2755P10_freertos_ticlang.projectspec

File not found: ${COM_TI_SIMPLELINK_LOWPOWER_F3_SDK_INSTALL_DIR}/source/ti/ble/stack_util/lib_opt/src/host_opt_gap_bond_mgr.c
In project: examples/rtos/LP_EM_CC2755P10/dmm/ble_hci_ser_mux/freertos/ticlang/ble_hci_ser_mux_LP_EM_CC2755P10_freertos_ticlang.projectspec

File not found: ${COM_TI_SIMPLELINK_LOWPOWER_F3_SDK_INSTALL_DIR}/source/ti/ble/stack_util/icall/app/src/icall_hci_tl.c
In project: examples/rtos/LP_EM_CC2755P10/dmm/ble_hci_ser_mux/freertos/ticlang/ble_hci_ser_mux_LP_EM_CC2755P10_freertos_ticlang.projectspec

File not found: ${COM_TI_SIMPLELINK_LOWPOWER_F3_SDK_INSTALL_DIR}/source/ti/ble/app_util/npi/src/npi_tl_uart.c
In project: examples/rtos/LP_EM_CC2755P10/dmm/ble_hci_ser_mux/freertos/ticlang/ble_hci_ser_mux_LP_EM_CC2755P10_freertos_ticlang.projectspec

File not found: ${COM_TI_SIMPLELINK_LOWPOWER_F3_SDK_INSTALL_DIR}/source/ti/ble/app_util/npi/npi_tl_uart.h
In project: examples/rtos/LP_EM_CC2755P10/dmm/ble_hci_ser_mux/freertos/ticlang/ble_hci_ser_mux_LP_EM_CC2755P10_freertos_ticlang.projectspec

File not found: ${COM_TI_SIMPLELINK_LOWPOWER_F3_SDK_INSTALL_DIR}/source/ti/ble/app_util/npi/npi_config.h
In project: examples/rtos/LP_EM_CC2755P10/dmm/ble_hci_ser_mux/freertos/ticlang/ble_hci_ser_mux_LP_EM_CC2755P10_freertos_ticlang.projectspec

File not found: ${COM_TI_SIMPLELINK_LOWPOWER_F3_SDK_INSTALL_DIR}/source/ti/ble/app_util/npi/src/npi_tl.c
In project: examples/rtos/LP_EM_CC2755P10/dmm/ble_hci_ser_mux/freertos/ticlang/ble_hci_ser_mux_LP_EM_CC2755P10_freertos_ticlang.projectspec

File not found: ${COM_TI_SIMPLELINK_LOWPOWER_F3_SDK_INSTALL_DIR}/source/ti/ble/app_util/npi/npi_tl.h
In project: examples/rtos/LP_EM_CC2755P10/dmm/ble_hci_ser_mux/freertos/ticlang/ble_hci_ser_mux_LP_EM_CC2755P10_freertos_ticlang.projectspec

File not found: ${COM_TI_SIMPLELINK_LOWPOWER_F3_SDK_INSTALL_DIR}/source/ti/ble/app_util/npi/npi_ble.h
In project: examples/rtos/LP_EM_CC2755P10/dmm/ble_hci_ser_mux/freertos/ticlang/ble_hci_ser_mux_LP_EM_CC2755P10_freertos_ticlang.projectspec

File not found: ${COM_TI_SIMPLELINK_LOWPOWER_F3_SDK_INSTALL_DIR}/source/ti/ble/app_util/npi/npi_frame.h
In project: examples/rtos/LP_EM_CC2755P10/dmm/ble_hci_ser_mux/freertos/ticlang/ble_hci_ser_mux_LP_EM_CC2755P10_freertos_ticlang.projectspec

File not found: ${COM_TI_SIMPLELINK_LOWPOWER_F3_SDK_INSTALL_DIR}/source/ti/ble/app_util/npi/src/npi_frame_hci.c
In project: examples/rtos/LP_EM_CC2755P10/dmm/ble_hci_ser_mux/freertos/ticlang/ble_hci_ser_mux_LP_EM_CC2755P10_freertos_ticlang.projectspec

File not found: ${COM_TI_SIMPLELINK_LOWPOWER_F3_SDK_INSTALL_DIR}/source/ti/ble/app_util/npi/src/npi_rxbuf.c
In project: examples/rtos/LP_EM_CC2755P10/dmm/ble_hci_ser_mux/freertos/ticlang/ble_hci_ser_mux_LP_EM_CC2755P10_freertos_ticlang.projectspec

File not found: ${COM_TI_SIMPLELINK_LOWPOWER_F3_SDK_INSTALL_DIR}/source/ti/ble/app_util/npi/npi_rxbuf.h
In project: examples/rtos/LP_EM_CC2755P10/dmm/ble_hci_ser_mux/freertos/ticlang/ble_hci_ser_mux_LP_EM_CC2755P10_freertos_ticlang.projectspec

File not found: ${COM_TI_SIMPLELINK_LOWPOWER_F3_SDK_INSTALL_DIR}/source/ti/ble/app_util/npi/src/npi_task.c
In project: examples/rtos/LP_EM_CC2755P10/dmm/ble_hci_ser_mux/freertos/ticlang/ble_hci_ser_mux_LP_EM_CC2755P10_freertos_ticlang.projectspec

File not found: ${COM_TI_SIMPLELINK_LOWPOWER_F3_SDK_INSTALL_DIR}/source/ti/ble/app_util/npi/npi_task.h
In project: examples/rtos/LP_EM_CC2755P10/dmm/ble_hci_ser_mux/freertos/ticlang/ble_hci_ser_mux_LP_EM_CC2755P10_freertos_ticlang.projectspec

File not found: ${COM_TI_SIMPLELINK_LOWPOWER_F3_SDK_INSTALL_DIR}/source/ti/dmm/apps/ble_hci_ser_mux/npi_tl_serial_mux.c
In project: examples/rtos/LP_EM_CC2755P10/dmm/ble_hci_ser_mux/freertos/ticlang/ble_hci_ser_mux_LP_EM_CC2755P10_freertos_ticlang.projectspec

File not found: ${COM_TI_SIMPLELINK_LOWPOWER_F3_SDK_INSTALL_DIR}/source/ti/dmm/apps/ble_hci_ser_mux/npi_tl_serial_mux.h
In project: examples/rtos/LP_EM_CC2755P10/dmm/ble_hci_ser_mux/freertos/ticlang/ble_hci_ser_mux_LP_EM_CC2755P10_freertos_ticlang.projectspec

File not found: ${COM_TI_SIMPLELINK_LOWPOWER_F3_SDK_INSTALL_DIR}/source/ti/dmm/combined_serial/embedded/mux_task_app.c
In project: examples/rtos/LP_EM_CC2755P10/dmm/ble_hci_ser_mux/freertos/ticlang/ble_hci_ser_mux_LP_EM_CC2755P10_freertos_ticlang.projectspec

File not found: ${COM_TI_SIMPLELINK_LOWPOWER_F3_SDK_INSTALL_DIR}/source/ti/dmm/combined_serial/hdlc_spinel.c
In project: examples/rtos/LP_EM_CC2755P10/dmm/ble_hci_ser_mux/freertos/ticlang/ble_hci_ser_mux_LP_EM_CC2755P10_freertos_ticlang.projectspec

File not found: ${COM_TI_SIMPLELINK_LOWPOWER_F3_SDK_INSTALL_DIR}/source/ti/dmm/combined_serial/embedded/mux_uart.c
In project: examples/rtos/LP_EM_CC2755P10/dmm/ble_hci_ser_mux/freertos/ticlang/ble_hci_ser_mux_LP_EM_CC2755P10_freertos_ticlang.projectspec

File not found: ${COM_TI_SIMPLELINK_LOWPOWER_F3_SDK_INSTALL_DIR}/source/ti/ble/controller/hci/src/hci.c
In project: examples/rtos/LP_EM_CC2755P10/dmm/ble_hci_ser_mux/freertos/ticlang/ble_hci_ser_mux_LP_EM_CC2755P10_freertos_ticlang.projectspec

File not found: ${COM_TI_SIMPLELINK_LOWPOWER_F3_SDK_INSTALL_DIR}/source/ti/ble/controller/hci/src/hci_cmd_parser.c
In project: examples/rtos/LP_EM_CC2755P10/dmm/ble_hci_ser_mux/freertos/ticlang/ble_hci_ser_mux_LP_EM_CC2755P10_freertos_ticlang.projectspec

File not found: ${COM_TI_SIMPLELINK_LOWPOWER_F3_SDK_INSTALL_DIR}/source/ti/ble/controller/hci/src/hci_data.c
In project: examples/rtos/LP_EM_CC2755P10/dmm/ble_hci_ser_mux/freertos/ticlang/ble_hci_ser_mux_LP_EM_CC2755P10_freertos_ticlang.projectspec

File not found: ${COM_TI_SIMPLELINK_LOWPOWER_F3_SDK_INSTALL_DIR}/source/ti/ble/controller/hci/src/hci_event_raw.c
In project: examples/rtos/LP_EM_CC2755P10/dmm/ble_hci_ser_mux/freertos/ticlang/ble_hci_ser_mux_LP_EM_CC2755P10_freertos_ticlang.projectspec

File not found: ${COM_TI_SIMPLELINK_LOWPOWER_F3_SDK_INSTALL_DIR}/source/ti/ble/controller/hci/src/hci_tl.c
In project: examples/rtos/LP_EM_CC2755P10/dmm/ble_hci_ser_mux/freertos/ticlang/ble_hci_ser_mux_LP_EM_CC2755P10_freertos_ticlang.projectspec

File not found: ${COM_TI_SIMPLELINK_LOWPOWER_F3_SDK_INSTALL_DIR}/source/ti/ble/stack_util/health_toolkit/debugInfo.h
In project: examples/rtos/LP_EM_CC2755P10/dmm/ble_hci_ser_mux/freertos/ticlang/ble_hci_ser_mux_LP_EM_CC2755P10_freertos_ticlang.projectspec

File not found: ${COM_TI_SIMPLELINK_LOWPOWER_F3_SDK_INSTALL_DIR}/source/ti/ble/stack_util/health_toolkit/debugInfo_errno.h
In project: examples/rtos/LP_EM_CC2755P10/dmm/ble_hci_ser_mux/freertos/ticlang/ble_hci_ser_mux_LP_EM_CC2755P10_freertos_ticlang.projectspec

File not found: ${COM_TI_SIMPLELINK_LOWPOWER_F3_SDK_INSTALL_DIR}/source/ti/ble/stack_util/health_toolkit/src/debugInfo.c
In project: examples/rtos/LP_EM_CC2755P10/dmm/ble_hci_ser_mux/freertos/ticlang/ble_hci_ser_mux_LP_EM_CC2755P10_freertos_ticlang.projectspec

File not found: ${COM_TI_SIMPLELINK_LOWPOWER_F3_SDK_INSTALL_DIR}/source/ti/ble/stack_util/health_toolkit/src/ble_sys_stat.c
In project: examples/rtos/LP_EM_CC2755P10/dmm/ble_hci_ser_mux/freertos/ticlang/ble_hci_ser_mux_LP_EM_CC2755P10_freertos_ticlang.projectspec

File not found: ${COM_TI_SIMPLELINK_LOWPOWER_F3_SDK_INSTALL_DIR}/source/ti/ble/stack_util/icall/app/src/icall_POSIX.c
In project: examples/rtos/LP_EM_CC2755P10/dmm/ble_hci_ser_mux/freertos/ticlang/ble_hci_ser_mux_LP_EM_CC2755P10_freertos_ticlang.projectspec

File not found: ${COM_TI_SIMPLELINK_LOWPOWER_F3_SDK_INSTALL_DIR}/source/ti/ble/services/dev_info/dev_info_service.h
In project: examples/rtos/LP_EM_CC2755P10/dmm/mac_sensor_ble_basic/freertos/ticlang/mac_sensor_ble_basic_LP_EM_CC2755P10_freertos_ticlang.projectspec

File not found: ${COM_TI_SIMPLELINK_LOWPOWER_F3_SDK_INSTALL_DIR}/source/ti/ble/services/dev_info/src/dev_info_service.c
In project: examples/rtos/LP_EM_CC2755P10/dmm/mac_sensor_ble_basic/freertos/ticlang/mac_sensor_ble_basic_LP_EM_CC2755P10_freertos_ticlang.projectspec

File not found: ${COM_TI_SIMPLELINK_LOWPOWER_F3_SDK_INSTALL_DIR}/source/ti/ble/app_util/framework/bleapputil_api.h
In project: examples/rtos/LP_EM_CC2755P10/dmm/mac_sensor_ble_basic/freertos/ticlang/mac_sensor_ble_basic_LP_EM_CC2755P10_freertos_ticlang.projectspec

File not found: ${COM_TI_SIMPLELINK_LOWPOWER_F3_SDK_INSTALL_DIR}/source/ti/ble/app_util/framework/bleapputil_timers.h
In project: examples/rtos/LP_EM_CC2755P10/dmm/mac_sensor_ble_basic/freertos/ticlang/mac_sensor_ble_basic_LP_EM_CC2755P10_freertos_ticlang.projectspec

File not found: ${COM_TI_SIMPLELINK_LOWPOWER_F3_SDK_INSTALL_DIR}/source/ti/ble/app_util/framework/src/bleapputil_task.c
In project: examples/rtos/LP_EM_CC2755P10/dmm/mac_sensor_ble_basic/freertos/ticlang/mac_sensor_ble_basic_LP_EM_CC2755P10_freertos_ticlang.projectspec

File not found: ${COM_TI_SIMPLELINK_LOWPOWER_F3_SDK_INSTALL_DIR}/source/ti/ble/app_util/framework/src/bleapputil_init.c
In project: examples/rtos/LP_EM_CC2755P10/dmm/mac_sensor_ble_basic/freertos/ticlang/mac_sensor_ble_basic_LP_EM_CC2755P10_freertos_ticlang.projectspec

File not found: ${COM_TI_SIMPLELINK_LOWPOWER_F3_SDK_INSTALL_DIR}/source/ti/ble/app_util/framework/src/bleapputil_process.c
In project: examples/rtos/LP_EM_CC2755P10/dmm/mac_sensor_ble_basic/freertos/ticlang/mac_sensor_ble_basic_LP_EM_CC2755P10_freertos_ticlang.projectspec

File not found: ${COM_TI_SIMPLELINK_LOWPOWER_F3_SDK_INSTALL_DIR}/source/ti/ble/app_util/framework/src/bleapputil_stack_callbacks.c
In project: examples/rtos/LP_EM_CC2755P10/dmm/mac_sensor_ble_basic/freertos/ticlang/mac_sensor_ble_basic_LP_EM_CC2755P10_freertos_ticlang.projectspec

File not found: ${COM_TI_SIMPLELINK_LOWPOWER_F3_SDK_INSTALL_DIR}/source/ti/ble/app_util/framework/src/bleapputil_timers.c
In project: examples/rtos/LP_EM_CC2755P10/dmm/mac_sensor_ble_basic/freertos/ticlang/mac_sensor_ble_basic_LP_EM_CC2755P10_freertos_ticlang.projectspec

File not found: ${COM_TI_SIMPLELINK_LOWPOWER_F3_SDK_INSTALL_DIR}/source/ti/ble/stack_util/lib_opt/rom_init.c
In project: examples/rtos/LP_EM_CC2755P10/dmm/mac_sensor_ble_basic/freertos/ticlang/mac_sensor_ble_basic_LP_EM_CC2755P10_freertos_ticlang.projectspec

File not found: ${COM_TI_SIMPLELINK_LOWPOWER_F3_SDK_INSTALL_DIR}/source/ti/ble/stack_util/lib_opt/src/ctrl_opt_padv.c
In project: examples/rtos/LP_EM_CC2755P10/dmm/mac_sensor_ble_basic/freertos/ticlang/mac_sensor_ble_basic_LP_EM_CC2755P10_freertos_ticlang.projectspec

File not found: ${COM_TI_SIMPLELINK_LOWPOWER_F3_SDK_INSTALL_DIR}/source/ti/ble/stack_util/lib_opt/src/ctrl_opt_pscan.c
In project: examples/rtos/LP_EM_CC2755P10/dmm/mac_sensor_ble_basic/freertos/ticlang/mac_sensor_ble_basic_LP_EM_CC2755P10_freertos_ticlang.projectspec

File not found: ${COM_TI_SIMPLELINK_LOWPOWER_F3_SDK_INSTALL_DIR}/source/ti/ble/stack_util/lib_opt/src/ctrl_opt_cs.c
In project: examples/rtos/LP_EM_CC2755P10/dmm/mac_sensor_ble_basic/freertos/ticlang/mac_sensor_ble_basic_LP_EM_CC2755P10_freertos_ticlang.projectspec

File not found: ${COM_TI_SIMPLELINK_LOWPOWER_F3_SDK_INSTALL_DIR}/source/ti/ble/stack_util/lib_opt/src/ctrl_opt_cs_test.c
In project: examples/rtos/LP_EM_CC2755P10/dmm/mac_sensor_ble_basic/freertos/ticlang/mac_sensor_ble_basic_LP_EM_CC2755P10_freertos_ticlang.projectspec

File not found: ${COM_TI_SIMPLELINK_LOWPOWER_F3_SDK_INSTALL_DIR}/source/ti/ble/stack_util/lib_opt/src/ctrl_opt_initiator.c
In project: examples/rtos/LP_EM_CC2755P10/dmm/mac_sensor_ble_basic/freertos/ticlang/mac_sensor_ble_basic_LP_EM_CC2755P10_freertos_ticlang.projectspec

File not found: ${COM_TI_SIMPLELINK_LOWPOWER_F3_SDK_INSTALL_DIR}/source/ti/ble/stack_util/lib_opt/src/ctrl_opt_connectable.c
In project: examples/rtos/LP_EM_CC2755P10/dmm/mac_sensor_ble_basic/freertos/ticlang/mac_sensor_ble_basic_LP_EM_CC2755P10_freertos_ticlang.projectspec

File not found: ${COM_TI_SIMPLELINK_LOWPOWER_F3_SDK_INSTALL_DIR}/source/ti/ble/stack_util/lib_opt/src/ctrl_opt_scanner.c
In project: examples/rtos/LP_EM_CC2755P10/dmm/mac_sensor_ble_basic/freertos/ticlang/mac_sensor_ble_basic_LP_EM_CC2755P10_freertos_ticlang.projectspec

File not found: ${COM_TI_SIMPLELINK_LOWPOWER_F3_SDK_INSTALL_DIR}/source/ti/ble/stack_util/lib_opt/src/ctrl_opt_cm.c
In project: examples/rtos/LP_EM_CC2755P10/dmm/mac_sensor_ble_basic/freertos/ticlang/mac_sensor_ble_basic_LP_EM_CC2755P10_freertos_ticlang.projectspec

File not found: ${COM_TI_SIMPLELINK_LOWPOWER_F3_SDK_INSTALL_DIR}/source/ti/ble/stack_util/lib_opt/src/ctrl_opt_power_control.c
In project: examples/rtos/LP_EM_CC2755P10/dmm/mac_sensor_ble_basic/freertos/ticlang/mac_sensor_ble_basic_LP_EM_CC2755P10_freertos_ticlang.projectspec

File not found: ${COM_TI_SIMPLELINK_LOWPOWER_F3_SDK_INSTALL_DIR}/source/ti/ble/stack_util/lib_opt/src/ctrl_opt_rssi_monitor.c
In project: examples/rtos/LP_EM_CC2755P10/dmm/mac_sensor_ble_basic/freertos/ticlang/mac_sensor_ble_basic_LP_EM_CC2755P10_freertos_ticlang.projectspec

File not found: ${COM_TI_SIMPLELINK_LOWPOWER_F3_SDK_INSTALL_DIR}/source/ti/ble/stack_util/lib_opt/src/ctrl_opt_connection_handover.c
In project: examples/rtos/LP_EM_CC2755P10/dmm/mac_sensor_ble_basic/freertos/ticlang/mac_sensor_ble_basic_LP_EM_CC2755P10_freertos_ticlang.projectspec

File not found: ${COM_TI_SIMPLELINK_LOWPOWER_F3_SDK_INSTALL_DIR}/source/ti/ble/stack_util/lib_opt/src/ctrl_opt_legacy_cmd.c
In project: examples/rtos/LP_EM_CC2755P10/dmm/mac_sensor_ble_basic/freertos/ticlang/mac_sensor_ble_basic_LP_EM_CC2755P10_freertos_ticlang.projectspec

File not found: ${COM_TI_SIMPLELINK_LOWPOWER_F3_SDK_INSTALL_DIR}/source/ti/ble/stack_util/lib_opt/src/ctrl_opt_health_check.c
In project: examples/rtos/LP_EM_CC2755P10/dmm/mac_sensor_ble_basic/freertos/ticlang/mac_sensor_ble_basic_LP_EM_CC2755P10_freertos_ticlang.projectspec

File not found: ${COM_TI_SIMPLELINK_LOWPOWER_F3_SDK_INSTALL_DIR}/source/ti/ble/stack_util/lib_opt/src/ctrl_opt_adv_conn.c
In project: examples/rtos/LP_EM_CC2755P10/dmm/mac_sensor_ble_basic/freertos/ticlang/mac_sensor_ble_basic_LP_EM_CC2755P10_freertos_ticlang.projectspec

File not found: ${COM_TI_SIMPLELINK_LOWPOWER_F3_SDK_INSTALL_DIR}/source/ti/ble/stack_util/lib_opt/src/ctrl_opt_adv_nconn.c
In project: examples/rtos/LP_EM_CC2755P10/dmm/mac_sensor_ble_basic/freertos/ticlang/mac_sensor_ble_basic_LP_EM_CC2755P10_freertos_ticlang.projectspec

File not found: ${COM_TI_SIMPLELINK_LOWPOWER_F3_SDK_INSTALL_DIR}/source/ti/ble/stack_util/lib_opt/src/ctrl_opt_ae.c
In project: examples/rtos/LP_EM_CC2755P10/dmm/mac_sensor_ble_basic/freertos/ticlang/mac_sensor_ble_basic_LP_EM_CC2755P10_freertos_ticlang.projectspec

File not found: ${COM_TI_SIMPLELINK_LOWPOWER_F3_SDK_INSTALL_DIR}/source/ti/ble/stack_util/lib_opt/src/ctrl_opt_adaptivity.c
In project: examples/rtos/LP_EM_CC2755P10/dmm/mac_sensor_ble_basic/freertos/ticlang/mac_sensor_ble_basic_LP_EM_CC2755P10_freertos_ticlang.projectspec

File not found: ${COM_TI_SIMPLELINK_LOWPOWER_F3_SDK_INSTALL_DIR}/source/ti/ble/stack_util/lib_opt/src/ctrl_opt_ble_health.c
In project: examples/rtos/LP_EM_CC2755P10/dmm/mac_sensor_ble_basic/freertos/ticlang/mac_sensor_ble_basic_LP_EM_CC2755P10_freertos_ticlang.projectspec

File not found: ${COM_TI_SIMPLELINK_LOWPOWER_F3_SDK_INSTALL_DIR}/source/ti/ble/stack_util/lib_opt/src/ctrl_opt_dmm.c
In project: examples/rtos/LP_EM_CC2755P10/dmm/mac_sensor_ble_basic/freertos/ticlang/mac_sensor_ble_basic_LP_EM_CC2755P10_freertos_ticlang.projectspec

File not found: ${COM_TI_SIMPLELINK_LOWPOWER_F3_SDK_INSTALL_DIR}/source/ti/ble/stack_util/lib_opt/src/ctrl_opt_dmm_dynamic_priority.c
In project: examples/rtos/LP_EM_CC2755P10/dmm/mac_sensor_ble_basic/freertos/ticlang/mac_sensor_ble_basic_LP_EM_CC2755P10_freertos_ticlang.projectspec

File not found: ${COM_TI_SIMPLELINK_LOWPOWER_F3_SDK_INSTALL_DIR}/source/ti/ble/stack_util/lib_opt/src/host_opt_gap_bond_mgr.c
In project: examples/rtos/LP_EM_CC2755P10/dmm/mac_sensor_ble_basic/freertos/ticlang/mac_sensor_ble_basic_LP_EM_CC2755P10_freertos_ticlang.projectspec

File not found: ${COM_TI_SIMPLELINK_LOWPOWER_F3_SDK_INSTALL_DIR}/source/ti/common/nv/crc.c
In project: examples/rtos/LP_EM_CC2755P10/dmm/mac_sensor_ble_basic/freertos/ticlang/mac_sensor_ble_basic_LP_EM_CC2755P10_freertos_ticlang.projectspec

File not found: ${COM_TI_SIMPLELINK_LOWPOWER_F3_SDK_INSTALL_DIR}/source/ti/common/nv/crc.h
In project: examples/rtos/LP_EM_CC2755P10/dmm/mac_sensor_ble_basic/freertos/ticlang/mac_sensor_ble_basic_LP_EM_CC2755P10_freertos_ticlang.projectspec

File not found: ${COM_TI_SIMPLELINK_LOWPOWER_F3_SDK_INSTALL_DIR}/source/ti/common/nv/nvocmp.c
In project: examples/rtos/LP_EM_CC2755P10/dmm/mac_sensor_ble_basic/freertos/ticlang/mac_sensor_ble_basic_LP_EM_CC2755P10_freertos_ticlang.projectspec

File not found: ${COM_TI_SIMPLELINK_LOWPOWER_F3_SDK_INSTALL_DIR}/source/ti/common/nv/nvocmp.h
In project: examples/rtos/LP_EM_CC2755P10/dmm/mac_sensor_ble_basic/freertos/ticlang/mac_sensor_ble_basic_LP_EM_CC2755P10_freertos_ticlang.projectspec

File not found: ${COM_TI_SIMPLELINK_LOWPOWER_F3_SDK_INSTALL_DIR}/source/ti/common/nv/nvintf.h
In project: examples/rtos/LP_EM_CC2755P10/dmm/mac_sensor_ble_basic/freertos/ticlang/mac_sensor_ble_basic_LP_EM_CC2755P10_freertos_ticlang.projectspec

File not found: ${COM_TI_SIMPLELINK_LOWPOWER_F3_SDK_INSTALL_DIR}/source/ti/ble/stack_util/icall/app/icall.h
In project: examples/rtos/LP_EM_CC2755P10/dmm/mac_sensor_ble_basic/freertos/ticlang/mac_sensor_ble_basic_LP_EM_CC2755P10_freertos_ticlang.projectspec

File not found: ${COM_TI_SIMPLELINK_LOWPOWER_F3_SDK_INSTALL_DIR}/source/ti/ble/stack_util/icall/app/icall_addrs.h
In project: examples/rtos/LP_EM_CC2755P10/dmm/mac_sensor_ble_basic/freertos/ticlang/mac_sensor_ble_basic_LP_EM_CC2755P10_freertos_ticlang.projectspec

File not found: ${COM_TI_SIMPLELINK_LOWPOWER_F3_SDK_INSTALL_DIR}/source/ti/ble/stack_util/icall/app/src/icall.c
In project: examples/rtos/LP_EM_CC2755P10/dmm/mac_sensor_ble_basic/freertos/ticlang/mac_sensor_ble_basic_LP_EM_CC2755P10_freertos_ticlang.projectspec

File not found: ${COM_TI_SIMPLELINK_LOWPOWER_F3_SDK_INSTALL_DIR}/source/ti/ble/stack_util/icall/app/icall_platform.h
In project: examples/rtos/LP_EM_CC2755P10/dmm/mac_sensor_ble_basic/freertos/ticlang/mac_sensor_ble_basic_LP_EM_CC2755P10_freertos_ticlang.projectspec

File not found: ${COM_TI_SIMPLELINK_LOWPOWER_F3_SDK_INSTALL_DIR}/source/ti/ble/stack_util/icall/app/src/icall_user_config.c
In project: examples/rtos/LP_EM_CC2755P10/dmm/mac_sensor_ble_basic/freertos/ticlang/mac_sensor_ble_basic_LP_EM_CC2755P10_freertos_ticlang.projectspec

File not found: ${COM_TI_SIMPLELINK_LOWPOWER_F3_SDK_INSTALL_DIR}/source/ti/ble/stack_util/icall/app/icall_user_config.h
In project: examples/rtos/LP_EM_CC2755P10/dmm/mac_sensor_ble_basic/freertos/ticlang/mac_sensor_ble_basic_LP_EM_CC2755P10_freertos_ticlang.projectspec

File not found: ${COM_TI_SIMPLELINK_LOWPOWER_F3_SDK_INSTALL_DIR}/source/ti/ble/app_util/config/src/ble_user_config.c
In project: examples/rtos/LP_EM_CC2755P10/dmm/mac_sensor_ble_basic/freertos/ticlang/mac_sensor_ble_basic_LP_EM_CC2755P10_freertos_ticlang.projectspec

File not found: ${COM_TI_SIMPLELINK_LOWPOWER_F3_SDK_INSTALL_DIR}/source/ti/ble/app_util/config/ble_user_config.h
In project: examples/rtos/LP_EM_CC2755P10/dmm/mac_sensor_ble_basic/freertos/ticlang/mac_sensor_ble_basic_LP_EM_CC2755P10_freertos_ticlang.projectspec

File not found: ${COM_TI_SIMPLELINK_LOWPOWER_F3_SDK_INSTALL_DIR}/source/ti/ble/app_util/config/src/hci_supported_cmd.c
In project: examples/rtos/LP_EM_CC2755P10/dmm/mac_sensor_ble_basic/freertos/ticlang/mac_sensor_ble_basic_LP_EM_CC2755P10_freertos_ticlang.projectspec

File not found: ${COM_TI_SIMPLELINK_LOWPOWER_F3_SDK_INSTALL_DIR}/source/ti/ble/controller/hci/hci_supported_cmd.h
In project: examples/rtos/LP_EM_CC2755P10/dmm/mac_sensor_ble_basic/freertos/ticlang/mac_sensor_ble_basic_LP_EM_CC2755P10_freertos_ticlang.projectspec

File not found: ${COM_TI_SIMPLELINK_LOWPOWER_F3_SDK_INSTALL_DIR}/source/ti/ble/stack_util/icall/app/icall_ble_apimsg.h
In project: examples/rtos/LP_EM_CC2755P10/dmm/mac_sensor_ble_basic/freertos/ticlang/mac_sensor_ble_basic_LP_EM_CC2755P10_freertos_ticlang.projectspec

File not found: ${COM_TI_SIMPLELINK_LOWPOWER_F3_SDK_INSTALL_DIR}/source/ti/ble/app_util/menu/menu_module.h
In project: examples/rtos/LP_EM_CC2755P10/dmm/mac_sensor_ble_basic/freertos/ticlang/mac_sensor_ble_basic_LP_EM_CC2755P10_freertos_ticlang.projectspec

File not found: ${COM_TI_SIMPLELINK_LOWPOWER_F3_SDK_INSTALL_DIR}/source/ti/ble/app_util/menu/src/menu_module.c
In project: examples/rtos/LP_EM_CC2755P10/dmm/mac_sensor_ble_basic/freertos/ticlang/mac_sensor_ble_basic_LP_EM_CC2755P10_freertos_ticlang.projectspec

File not found: ${COM_TI_SIMPLELINK_LOWPOWER_F3_SDK_INSTALL_DIR}/source/ti/ble/profiles/simple_gatt/simple_gatt_profile.h
In project: examples/rtos/LP_EM_CC2755P10/dmm/mac_sensor_ble_basic/freertos/ticlang/mac_sensor_ble_basic_LP_EM_CC2755P10_freertos_ticlang.projectspec

File not found: ${COM_TI_SIMPLELINK_LOWPOWER_F3_SDK_INSTALL_DIR}/source/ti/ble/profiles/simple_gatt/src/simple_gatt_profile.c
In project: examples/rtos/LP_EM_CC2755P10/dmm/mac_sensor_ble_basic/freertos/ticlang/mac_sensor_ble_basic_LP_EM_CC2755P10_freertos_ticlang.projectspec

File not found: ${COM_TI_SIMPLELINK_LOWPOWER_F3_SDK_INSTALL_DIR}/source/ti/ble/stack_util/health_toolkit/debugInfo.h
In project: examples/rtos/LP_EM_CC2755P10/dmm/mac_sensor_ble_basic/freertos/ticlang/mac_sensor_ble_basic_LP_EM_CC2755P10_freertos_ticlang.projectspec

File not found: ${COM_TI_SIMPLELINK_LOWPOWER_F3_SDK_INSTALL_DIR}/source/ti/ble/stack_util/health_toolkit/debugInfo_errno.h
In project: examples/rtos/LP_EM_CC2755P10/dmm/mac_sensor_ble_basic/freertos/ticlang/mac_sensor_ble_basic_LP_EM_CC2755P10_freertos_ticlang.projectspec

File not found: ${COM_TI_SIMPLELINK_LOWPOWER_F3_SDK_INSTALL_DIR}/source/ti/ble/stack_util/health_toolkit/src/debugInfo.c
In project: examples/rtos/LP_EM_CC2755P10/dmm/mac_sensor_ble_basic/freertos/ticlang/mac_sensor_ble_basic_LP_EM_CC2755P10_freertos_ticlang.projectspec

File not found: ${COM_TI_SIMPLELINK_LOWPOWER_F3_SDK_INSTALL_DIR}/source/ti/ble/stack_util/health_toolkit/src/ble_sys_stat.c
In project: examples/rtos/LP_EM_CC2755P10/dmm/mac_sensor_ble_basic/freertos/ticlang/mac_sensor_ble_basic_LP_EM_CC2755P10_freertos_ticlang.projectspec

File not found: ${COM_TI_SIMPLELINK_LOWPOWER_F3_SDK_INSTALL_DIR}/source/ti/ble/stack_util/icall/app/src/icall_POSIX.c
In project: examples/rtos/LP_EM_CC2755P10/dmm/mac_sensor_ble_basic/freertos/ticlang/mac_sensor_ble_basic_LP_EM_CC2755P10_freertos_ticlang.projectspec

File not found: ${COM_TI_SIMPLELINK_LOWPOWER_F3_SDK_INSTALL_DIR}/examples/rtos/LP_EM_CC2755P20/ble/host_test/Application/host_test_app.c
In project: examples/rtos/LP_EM_CC2755P20/dmm/ble_hci_ser_mux/freertos/ticlang/ble_hci_ser_mux_LP_EM_CC2755P20_freertos_ticlang.projectspec

File not found: ${COM_TI_SIMPLELINK_LOWPOWER_F3_SDK_INSTALL_DIR}/examples/rtos/LP_EM_CC2755P20/ble/host_test/Application/host_test_app.h
In project: examples/rtos/LP_EM_CC2755P20/dmm/ble_hci_ser_mux/freertos/ticlang/ble_hci_ser_mux_LP_EM_CC2755P20_freertos_ticlang.projectspec

File not found: ${COM_TI_SIMPLELINK_LOWPOWER_F3_SDK_INSTALL_DIR}/examples/rtos/LP_EM_CC2755P20/ble/host_test/Application/Queue_freertos.c
In project: examples/rtos/LP_EM_CC2755P20/dmm/ble_hci_ser_mux/freertos/ticlang/ble_hci_ser_mux_LP_EM_CC2755P20_freertos_ticlang.projectspec

File not found: ${COM_TI_SIMPLELINK_LOWPOWER_F3_SDK_INSTALL_DIR}/examples/rtos/LP_EM_CC2755P20/ble/host_test/Application/Queue_freertos.h
In project: examples/rtos/LP_EM_CC2755P20/dmm/ble_hci_ser_mux/freertos/ticlang/ble_hci_ser_mux_LP_EM_CC2755P20_freertos_ticlang.projectspec

File not found: ${COM_TI_SIMPLELINK_LOWPOWER_F3_SDK_INSTALL_DIR}/source/ti/ble/stack_util/icall/app/icall.h
In project: examples/rtos/LP_EM_CC2755P20/dmm/ble_hci_ser_mux/freertos/ticlang/ble_hci_ser_mux_LP_EM_CC2755P20_freertos_ticlang.projectspec

File not found: ${COM_TI_SIMPLELINK_LOWPOWER_F3_SDK_INSTALL_DIR}/source/ti/ble/stack_util/icall/app/icall_addrs.h
In project: examples/rtos/LP_EM_CC2755P20/dmm/ble_hci_ser_mux/freertos/ticlang/ble_hci_ser_mux_LP_EM_CC2755P20_freertos_ticlang.projectspec

File not found: ${COM_TI_SIMPLELINK_LOWPOWER_F3_SDK_INSTALL_DIR}/source/ti/ble/stack_util/icall/app/src/icall.c
In project: examples/rtos/LP_EM_CC2755P20/dmm/ble_hci_ser_mux/freertos/ticlang/ble_hci_ser_mux_LP_EM_CC2755P20_freertos_ticlang.projectspec

File not found: ${COM_TI_SIMPLELINK_LOWPOWER_F3_SDK_INSTALL_DIR}/source/ti/ble/stack_util/icall/app/icall_platform.h
In project: examples/rtos/LP_EM_CC2755P20/dmm/ble_hci_ser_mux/freertos/ticlang/ble_hci_ser_mux_LP_EM_CC2755P20_freertos_ticlang.projectspec

File not found: ${COM_TI_SIMPLELINK_LOWPOWER_F3_SDK_INSTALL_DIR}/source/ti/ble/stack_util/icall/app/src/icall_user_config.c
In project: examples/rtos/LP_EM_CC2755P20/dmm/ble_hci_ser_mux/freertos/ticlang/ble_hci_ser_mux_LP_EM_CC2755P20_freertos_ticlang.projectspec

File not found: ${COM_TI_SIMPLELINK_LOWPOWER_F3_SDK_INSTALL_DIR}/source/ti/ble/stack_util/icall/app/icall_user_config.h
In project: examples/rtos/LP_EM_CC2755P20/dmm/ble_hci_ser_mux/freertos/ticlang/ble_hci_ser_mux_LP_EM_CC2755P20_freertos_ticlang.projectspec

File not found: ${COM_TI_SIMPLELINK_LOWPOWER_F3_SDK_INSTALL_DIR}/source/ti/ble/app_util/config/src/ble_user_config.c
In project: examples/rtos/LP_EM_CC2755P20/dmm/ble_hci_ser_mux/freertos/ticlang/ble_hci_ser_mux_LP_EM_CC2755P20_freertos_ticlang.projectspec

File not found: ${COM_TI_SIMPLELINK_LOWPOWER_F3_SDK_INSTALL_DIR}/source/ti/ble/app_util/config/ble_user_config.h
In project: examples/rtos/LP_EM_CC2755P20/dmm/ble_hci_ser_mux/freertos/ticlang/ble_hci_ser_mux_LP_EM_CC2755P20_freertos_ticlang.projectspec

File not found: ${COM_TI_SIMPLELINK_LOWPOWER_F3_SDK_INSTALL_DIR}/source/ti/ble/app_util/config/src/hci_supported_cmd.c
In project: examples/rtos/LP_EM_CC2755P20/dmm/ble_hci_ser_mux/freertos/ticlang/ble_hci_ser_mux_LP_EM_CC2755P20_freertos_ticlang.projectspec

File not found: ${COM_TI_SIMPLELINK_LOWPOWER_F3_SDK_INSTALL_DIR}/source/ti/ble/controller/hci/hci_supported_cmd.h
In project: examples/rtos/LP_EM_CC2755P20/dmm/ble_hci_ser_mux/freertos/ticlang/ble_hci_ser_mux_LP_EM_CC2755P20_freertos_ticlang.projectspec

File not found: ${COM_TI_SIMPLELINK_LOWPOWER_F3_SDK_INSTALL_DIR}/source/ti/ble/stack_util/icall/app/icall_ble_apimsg.h
In project: examples/rtos/LP_EM_CC2755P20/dmm/ble_hci_ser_mux/freertos/ticlang/ble_hci_ser_mux_LP_EM_CC2755P20_freertos_ticlang.projectspec

File not found: ${COM_TI_SIMPLELINK_LOWPOWER_F3_SDK_INSTALL_DIR}/source/ti/common/nv/crc.c
In project: examples/rtos/LP_EM_CC2755P20/dmm/ble_hci_ser_mux/freertos/ticlang/ble_hci_ser_mux_LP_EM_CC2755P20_freertos_ticlang.projectspec

File not found: ${COM_TI_SIMPLELINK_LOWPOWER_F3_SDK_INSTALL_DIR}/source/ti/common/nv/crc.h
In project: examples/rtos/LP_EM_CC2755P20/dmm/ble_hci_ser_mux/freertos/ticlang/ble_hci_ser_mux_LP_EM_CC2755P20_freertos_ticlang.projectspec

File not found: ${COM_TI_SIMPLELINK_LOWPOWER_F3_SDK_INSTALL_DIR}/source/ti/common/nv/nvocmp.c
In project: examples/rtos/LP_EM_CC2755P20/dmm/ble_hci_ser_mux/freertos/ticlang/ble_hci_ser_mux_LP_EM_CC2755P20_freertos_ticlang.projectspec

File not found: ${COM_TI_SIMPLELINK_LOWPOWER_F3_SDK_INSTALL_DIR}/source/ti/common/nv/nvocmp.h
In project: examples/rtos/LP_EM_CC2755P20/dmm/ble_hci_ser_mux/freertos/ticlang/ble_hci_ser_mux_LP_EM_CC2755P20_freertos_ticlang.projectspec

File not found: ${COM_TI_SIMPLELINK_LOWPOWER_F3_SDK_INSTALL_DIR}/source/ti/common/nv/nvintf.h
In project: examples/rtos/LP_EM_CC2755P20/dmm/ble_hci_ser_mux/freertos/ticlang/ble_hci_ser_mux_LP_EM_CC2755P20_freertos_ticlang.projectspec

File not found: ${COM_TI_SIMPLELINK_LOWPOWER_F3_SDK_INSTALL_DIR}/source/ti/ble/stack_util/lib_opt/rom_init.c
In project: examples/rtos/LP_EM_CC2755P20/dmm/ble_hci_ser_mux/freertos/ticlang/ble_hci_ser_mux_LP_EM_CC2755P20_freertos_ticlang.projectspec

File not found: ${COM_TI_SIMPLELINK_LOWPOWER_F3_SDK_INSTALL_DIR}/source/ti/ble/stack_util/lib_opt/src/ctrl_opt_padv.c
In project: examples/rtos/LP_EM_CC2755P20/dmm/ble_hci_ser_mux/freertos/ticlang/ble_hci_ser_mux_LP_EM_CC2755P20_freertos_ticlang.projectspec

File not found: ${COM_TI_SIMPLELINK_LOWPOWER_F3_SDK_INSTALL_DIR}/source/ti/ble/stack_util/lib_opt/src/ctrl_opt_pscan.c
In project: examples/rtos/LP_EM_CC2755P20/dmm/ble_hci_ser_mux/freertos/ticlang/ble_hci_ser_mux_LP_EM_CC2755P20_freertos_ticlang.projectspec

File not found: ${COM_TI_SIMPLELINK_LOWPOWER_F3_SDK_INSTALL_DIR}/source/ti/ble/stack_util/lib_opt/src/ctrl_opt_cs.c
In project: examples/rtos/LP_EM_CC2755P20/dmm/ble_hci_ser_mux/freertos/ticlang/ble_hci_ser_mux_LP_EM_CC2755P20_freertos_ticlang.projectspec

File not found: ${COM_TI_SIMPLELINK_LOWPOWER_F3_SDK_INSTALL_DIR}/source/ti/ble/stack_util/lib_opt/src/ctrl_opt_cs_test.c
In project: examples/rtos/LP_EM_CC2755P20/dmm/ble_hci_ser_mux/freertos/ticlang/ble_hci_ser_mux_LP_EM_CC2755P20_freertos_ticlang.projectspec

File not found: ${COM_TI_SIMPLELINK_LOWPOWER_F3_SDK_INSTALL_DIR}/source/ti/ble/stack_util/lib_opt/src/ctrl_opt_initiator.c
In project: examples/rtos/LP_EM_CC2755P20/dmm/ble_hci_ser_mux/freertos/ticlang/ble_hci_ser_mux_LP_EM_CC2755P20_freertos_ticlang.projectspec

File not found: ${COM_TI_SIMPLELINK_LOWPOWER_F3_SDK_INSTALL_DIR}/source/ti/ble/stack_util/lib_opt/src/ctrl_opt_connectable.c
In project: examples/rtos/LP_EM_CC2755P20/dmm/ble_hci_ser_mux/freertos/ticlang/ble_hci_ser_mux_LP_EM_CC2755P20_freertos_ticlang.projectspec

File not found: ${COM_TI_SIMPLELINK_LOWPOWER_F3_SDK_INSTALL_DIR}/source/ti/ble/stack_util/lib_opt/src/ctrl_opt_scanner.c
In project: examples/rtos/LP_EM_CC2755P20/dmm/ble_hci_ser_mux/freertos/ticlang/ble_hci_ser_mux_LP_EM_CC2755P20_freertos_ticlang.projectspec

File not found: ${COM_TI_SIMPLELINK_LOWPOWER_F3_SDK_INSTALL_DIR}/source/ti/ble/stack_util/lib_opt/src/ctrl_opt_cm.c
In project: examples/rtos/LP_EM_CC2755P20/dmm/ble_hci_ser_mux/freertos/ticlang/ble_hci_ser_mux_LP_EM_CC2755P20_freertos_ticlang.projectspec

File not found: ${COM_TI_SIMPLELINK_LOWPOWER_F3_SDK_INSTALL_DIR}/source/ti/ble/stack_util/lib_opt/src/ctrl_opt_power_control.c
In project: examples/rtos/LP_EM_CC2755P20/dmm/ble_hci_ser_mux/freertos/ticlang/ble_hci_ser_mux_LP_EM_CC2755P20_freertos_ticlang.projectspec

File not found: ${COM_TI_SIMPLELINK_LOWPOWER_F3_SDK_INSTALL_DIR}/source/ti/ble/stack_util/lib_opt/src/ctrl_opt_rssi_monitor.c
In project: examples/rtos/LP_EM_CC2755P20/dmm/ble_hci_ser_mux/freertos/ticlang/ble_hci_ser_mux_LP_EM_CC2755P20_freertos_ticlang.projectspec

File not found: ${COM_TI_SIMPLELINK_LOWPOWER_F3_SDK_INSTALL_DIR}/source/ti/ble/stack_util/lib_opt/src/ctrl_opt_connection_handover.c
In project: examples/rtos/LP_EM_CC2755P20/dmm/ble_hci_ser_mux/freertos/ticlang/ble_hci_ser_mux_LP_EM_CC2755P20_freertos_ticlang.projectspec

File not found: ${COM_TI_SIMPLELINK_LOWPOWER_F3_SDK_INSTALL_DIR}/source/ti/ble/stack_util/lib_opt/src/ctrl_opt_legacy_cmd.c
In project: examples/rtos/LP_EM_CC2755P20/dmm/ble_hci_ser_mux/freertos/ticlang/ble_hci_ser_mux_LP_EM_CC2755P20_freertos_ticlang.projectspec

File not found: ${COM_TI_SIMPLELINK_LOWPOWER_F3_SDK_INSTALL_DIR}/source/ti/ble/stack_util/lib_opt/src/ctrl_opt_health_check.c
In project: examples/rtos/LP_EM_CC2755P20/dmm/ble_hci_ser_mux/freertos/ticlang/ble_hci_ser_mux_LP_EM_CC2755P20_freertos_ticlang.projectspec

File not found: ${COM_TI_SIMPLELINK_LOWPOWER_F3_SDK_INSTALL_DIR}/source/ti/ble/stack_util/lib_opt/src/ctrl_opt_adv_conn.c
In project: examples/rtos/LP_EM_CC2755P20/dmm/ble_hci_ser_mux/freertos/ticlang/ble_hci_ser_mux_LP_EM_CC2755P20_freertos_ticlang.projectspec

File not found: ${COM_TI_SIMPLELINK_LOWPOWER_F3_SDK_INSTALL_DIR}/source/ti/ble/stack_util/lib_opt/src/ctrl_opt_adv_nconn.c
In project: examples/rtos/LP_EM_CC2755P20/dmm/ble_hci_ser_mux/freertos/ticlang/ble_hci_ser_mux_LP_EM_CC2755P20_freertos_ticlang.projectspec

File not found: ${COM_TI_SIMPLELINK_LOWPOWER_F3_SDK_INSTALL_DIR}/source/ti/ble/stack_util/lib_opt/src/ctrl_opt_ae.c
In project: examples/rtos/LP_EM_CC2755P20/dmm/ble_hci_ser_mux/freertos/ticlang/ble_hci_ser_mux_LP_EM_CC2755P20_freertos_ticlang.projectspec

File not found: ${COM_TI_SIMPLELINK_LOWPOWER_F3_SDK_INSTALL_DIR}/source/ti/ble/stack_util/lib_opt/src/ctrl_opt_adaptivity.c
In project: examples/rtos/LP_EM_CC2755P20/dmm/ble_hci_ser_mux/freertos/ticlang/ble_hci_ser_mux_LP_EM_CC2755P20_freertos_ticlang.projectspec

File not found: ${COM_TI_SIMPLELINK_LOWPOWER_F3_SDK_INSTALL_DIR}/source/ti/ble/stack_util/lib_opt/src/ctrl_opt_ble_health.c
In project: examples/rtos/LP_EM_CC2755P20/dmm/ble_hci_ser_mux/freertos/ticlang/ble_hci_ser_mux_LP_EM_CC2755P20_freertos_ticlang.projectspec

File not found: ${COM_TI_SIMPLELINK_LOWPOWER_F3_SDK_INSTALL_DIR}/source/ti/ble/stack_util/lib_opt/src/ctrl_opt_dmm.c
In project: examples/rtos/LP_EM_CC2755P20/dmm/ble_hci_ser_mux/freertos/ticlang/ble_hci_ser_mux_LP_EM_CC2755P20_freertos_ticlang.projectspec

File not found: ${COM_TI_SIMPLELINK_LOWPOWER_F3_SDK_INSTALL_DIR}/source/ti/ble/stack_util/lib_opt/src/ctrl_opt_dmm_dynamic_priority.c
In project: examples/rtos/LP_EM_CC2755P20/dmm/ble_hci_ser_mux/freertos/ticlang/ble_hci_ser_mux_LP_EM_CC2755P20_freertos_ticlang.projectspec

File not found: ${COM_TI_SIMPLELINK_LOWPOWER_F3_SDK_INSTALL_DIR}/source/ti/ble/stack_util/lib_opt/src/host_opt_gap_bond_mgr.c
In project: examples/rtos/LP_EM_CC2755P20/dmm/ble_hci_ser_mux/freertos/ticlang/ble_hci_ser_mux_LP_EM_CC2755P20_freertos_ticlang.projectspec

File not found: ${COM_TI_SIMPLELINK_LOWPOWER_F3_SDK_INSTALL_DIR}/source/ti/ble/stack_util/icall/app/src/icall_hci_tl.c
In project: examples/rtos/LP_EM_CC2755P20/dmm/ble_hci_ser_mux/freertos/ticlang/ble_hci_ser_mux_LP_EM_CC2755P20_freertos_ticlang.projectspec

File not found: ${COM_TI_SIMPLELINK_LOWPOWER_F3_SDK_INSTALL_DIR}/source/ti/ble/app_util/npi/src/npi_tl_uart.c
In project: examples/rtos/LP_EM_CC2755P20/dmm/ble_hci_ser_mux/freertos/ticlang/ble_hci_ser_mux_LP_EM_CC2755P20_freertos_ticlang.projectspec

File not found: ${COM_TI_SIMPLELINK_LOWPOWER_F3_SDK_INSTALL_DIR}/source/ti/ble/app_util/npi/npi_tl_uart.h
In project: examples/rtos/LP_EM_CC2755P20/dmm/ble_hci_ser_mux/freertos/ticlang/ble_hci_ser_mux_LP_EM_CC2755P20_freertos_ticlang.projectspec

File not found: ${COM_TI_SIMPLELINK_LOWPOWER_F3_SDK_INSTALL_DIR}/source/ti/ble/app_util/npi/npi_config.h
In project: examples/rtos/LP_EM_CC2755P20/dmm/ble_hci_ser_mux/freertos/ticlang/ble_hci_ser_mux_LP_EM_CC2755P20_freertos_ticlang.projectspec

File not found: ${COM_TI_SIMPLELINK_LOWPOWER_F3_SDK_INSTALL_DIR}/source/ti/ble/app_util/npi/src/npi_tl.c
In project: examples/rtos/LP_EM_CC2755P20/dmm/ble_hci_ser_mux/freertos/ticlang/ble_hci_ser_mux_LP_EM_CC2755P20_freertos_ticlang.projectspec

File not found: ${COM_TI_SIMPLELINK_LOWPOWER_F3_SDK_INSTALL_DIR}/source/ti/ble/app_util/npi/npi_tl.h
In project: examples/rtos/LP_EM_CC2755P20/dmm/ble_hci_ser_mux/freertos/ticlang/ble_hci_ser_mux_LP_EM_CC2755P20_freertos_ticlang.projectspec

File not found: ${COM_TI_SIMPLELINK_LOWPOWER_F3_SDK_INSTALL_DIR}/source/ti/ble/app_util/npi/npi_ble.h
In project: examples/rtos/LP_EM_CC2755P20/dmm/ble_hci_ser_mux/freertos/ticlang/ble_hci_ser_mux_LP_EM_CC2755P20_freertos_ticlang.projectspec

File not found: ${COM_TI_SIMPLELINK_LOWPOWER_F3_SDK_INSTALL_DIR}/source/ti/ble/app_util/npi/npi_frame.h
In project: examples/rtos/LP_EM_CC2755P20/dmm/ble_hci_ser_mux/freertos/ticlang/ble_hci_ser_mux_LP_EM_CC2755P20_freertos_ticlang.projectspec

File not found: ${COM_TI_SIMPLELINK_LOWPOWER_F3_SDK_INSTALL_DIR}/source/ti/ble/app_util/npi/src/npi_frame_hci.c
In project: examples/rtos/LP_EM_CC2755P20/dmm/ble_hci_ser_mux/freertos/ticlang/ble_hci_ser_mux_LP_EM_CC2755P20_freertos_ticlang.projectspec

File not found: ${COM_TI_SIMPLELINK_LOWPOWER_F3_SDK_INSTALL_DIR}/source/ti/ble/app_util/npi/src/npi_rxbuf.c
In project: examples/rtos/LP_EM_CC2755P20/dmm/ble_hci_ser_mux/freertos/ticlang/ble_hci_ser_mux_LP_EM_CC2755P20_freertos_ticlang.projectspec

File not found: ${COM_TI_SIMPLELINK_LOWPOWER_F3_SDK_INSTALL_DIR}/source/ti/ble/app_util/npi/npi_rxbuf.h
In project: examples/rtos/LP_EM_CC2755P20/dmm/ble_hci_ser_mux/freertos/ticlang/ble_hci_ser_mux_LP_EM_CC2755P20_freertos_ticlang.projectspec

File not found: ${COM_TI_SIMPLELINK_LOWPOWER_F3_SDK_INSTALL_DIR}/source/ti/ble/app_util/npi/src/npi_task.c
In project: examples/rtos/LP_EM_CC2755P20/dmm/ble_hci_ser_mux/freertos/ticlang/ble_hci_ser_mux_LP_EM_CC2755P20_freertos_ticlang.projectspec

File not found: ${COM_TI_SIMPLELINK_LOWPOWER_F3_SDK_INSTALL_DIR}/source/ti/ble/app_util/npi/npi_task.h
In project: examples/rtos/LP_EM_CC2755P20/dmm/ble_hci_ser_mux/freertos/ticlang/ble_hci_ser_mux_LP_EM_CC2755P20_freertos_ticlang.projectspec

File not found: ${COM_TI_SIMPLELINK_LOWPOWER_F3_SDK_INSTALL_DIR}/source/ti/dmm/apps/ble_hci_ser_mux/npi_tl_serial_mux.c
In project: examples/rtos/LP_EM_CC2755P20/dmm/ble_hci_ser_mux/freertos/ticlang/ble_hci_ser_mux_LP_EM_CC2755P20_freertos_ticlang.projectspec

File not found: ${COM_TI_SIMPLELINK_LOWPOWER_F3_SDK_INSTALL_DIR}/source/ti/dmm/apps/ble_hci_ser_mux/npi_tl_serial_mux.h
In project: examples/rtos/LP_EM_CC2755P20/dmm/ble_hci_ser_mux/freertos/ticlang/ble_hci_ser_mux_LP_EM_CC2755P20_freertos_ticlang.projectspec

File not found: ${COM_TI_SIMPLELINK_LOWPOWER_F3_SDK_INSTALL_DIR}/source/ti/dmm/combined_serial/embedded/mux_task_app.c
In project: examples/rtos/LP_EM_CC2755P20/dmm/ble_hci_ser_mux/freertos/ticlang/ble_hci_ser_mux_LP_EM_CC2755P20_freertos_ticlang.projectspec

File not found: ${COM_TI_SIMPLELINK_LOWPOWER_F3_SDK_INSTALL_DIR}/source/ti/dmm/combined_serial/hdlc_spinel.c
In project: examples/rtos/LP_EM_CC2755P20/dmm/ble_hci_ser_mux/freertos/ticlang/ble_hci_ser_mux_LP_EM_CC2755P20_freertos_ticlang.projectspec

File not found: ${COM_TI_SIMPLELINK_LOWPOWER_F3_SDK_INSTALL_DIR}/source/ti/dmm/combined_serial/embedded/mux_uart.c
In project: examples/rtos/LP_EM_CC2755P20/dmm/ble_hci_ser_mux/freertos/ticlang/ble_hci_ser_mux_LP_EM_CC2755P20_freertos_ticlang.projectspec

File not found: ${COM_TI_SIMPLELINK_LOWPOWER_F3_SDK_INSTALL_DIR}/source/ti/ble/controller/hci/src/hci.c
In project: examples/rtos/LP_EM_CC2755P20/dmm/ble_hci_ser_mux/freertos/ticlang/ble_hci_ser_mux_LP_EM_CC2755P20_freertos_ticlang.projectspec

File not found: ${COM_TI_SIMPLELINK_LOWPOWER_F3_SDK_INSTALL_DIR}/source/ti/ble/controller/hci/src/hci_cmd_parser.c
In project: examples/rtos/LP_EM_CC2755P20/dmm/ble_hci_ser_mux/freertos/ticlang/ble_hci_ser_mux_LP_EM_CC2755P20_freertos_ticlang.projectspec

File not found: ${COM_TI_SIMPLELINK_LOWPOWER_F3_SDK_INSTALL_DIR}/source/ti/ble/controller/hci/src/hci_data.c
In project: examples/rtos/LP_EM_CC2755P20/dmm/ble_hci_ser_mux/freertos/ticlang/ble_hci_ser_mux_LP_EM_CC2755P20_freertos_ticlang.projectspec

File not found: ${COM_TI_SIMPLELINK_LOWPOWER_F3_SDK_INSTALL_DIR}/source/ti/ble/controller/hci/src/hci_event_raw.c
In project: examples/rtos/LP_EM_CC2755P20/dmm/ble_hci_ser_mux/freertos/ticlang/ble_hci_ser_mux_LP_EM_CC2755P20_freertos_ticlang.projectspec

File not found: ${COM_TI_SIMPLELINK_LOWPOWER_F3_SDK_INSTALL_DIR}/source/ti/ble/controller/hci/src/hci_tl.c
In project: examples/rtos/LP_EM_CC2755P20/dmm/ble_hci_ser_mux/freertos/ticlang/ble_hci_ser_mux_LP_EM_CC2755P20_freertos_ticlang.projectspec

File not found: ${COM_TI_SIMPLELINK_LOWPOWER_F3_SDK_INSTALL_DIR}/source/ti/ble/stack_util/health_toolkit/debugInfo.h
In project: examples/rtos/LP_EM_CC2755P20/dmm/ble_hci_ser_mux/freertos/ticlang/ble_hci_ser_mux_LP_EM_CC2755P20_freertos_ticlang.projectspec

File not found: ${COM_TI_SIMPLELINK_LOWPOWER_F3_SDK_INSTALL_DIR}/source/ti/ble/stack_util/health_toolkit/debugInfo_errno.h
In project: examples/rtos/LP_EM_CC2755P20/dmm/ble_hci_ser_mux/freertos/ticlang/ble_hci_ser_mux_LP_EM_CC2755P20_freertos_ticlang.projectspec

File not found: ${COM_TI_SIMPLELINK_LOWPOWER_F3_SDK_INSTALL_DIR}/source/ti/ble/stack_util/health_toolkit/src/debugInfo.c
In project: examples/rtos/LP_EM_CC2755P20/dmm/ble_hci_ser_mux/freertos/ticlang/ble_hci_ser_mux_LP_EM_CC2755P20_freertos_ticlang.projectspec

File not found: ${COM_TI_SIMPLELINK_LOWPOWER_F3_SDK_INSTALL_DIR}/source/ti/ble/stack_util/health_toolkit/src/ble_sys_stat.c
In project: examples/rtos/LP_EM_CC2755P20/dmm/ble_hci_ser_mux/freertos/ticlang/ble_hci_ser_mux_LP_EM_CC2755P20_freertos_ticlang.projectspec

File not found: ${COM_TI_SIMPLELINK_LOWPOWER_F3_SDK_INSTALL_DIR}/source/ti/ble/stack_util/icall/app/src/icall_POSIX.c
In project: examples/rtos/LP_EM_CC2755P20/dmm/ble_hci_ser_mux/freertos/ticlang/ble_hci_ser_mux_LP_EM_CC2755P20_freertos_ticlang.projectspec

File not found: ${COM_TI_SIMPLELINK_LOWPOWER_F3_SDK_INSTALL_DIR}/source/ti/ble/services/dev_info/dev_info_service.h
In project: examples/rtos/LP_EM_CC2755P20/dmm/mac_sensor_ble_basic/freertos/ticlang/mac_sensor_ble_basic_LP_EM_CC2755P20_freertos_ticlang.projectspec

File not found: ${COM_TI_SIMPLELINK_LOWPOWER_F3_SDK_INSTALL_DIR}/source/ti/ble/services/dev_info/src/dev_info_service.c
In project: examples/rtos/LP_EM_CC2755P20/dmm/mac_sensor_ble_basic/freertos/ticlang/mac_sensor_ble_basic_LP_EM_CC2755P20_freertos_ticlang.projectspec

File not found: ${COM_TI_SIMPLELINK_LOWPOWER_F3_SDK_INSTALL_DIR}/source/ti/ble/app_util/framework/bleapputil_api.h
In project: examples/rtos/LP_EM_CC2755P20/dmm/mac_sensor_ble_basic/freertos/ticlang/mac_sensor_ble_basic_LP_EM_CC2755P20_freertos_ticlang.projectspec

File not found: ${COM_TI_SIMPLELINK_LOWPOWER_F3_SDK_INSTALL_DIR}/source/ti/ble/app_util/framework/bleapputil_timers.h
In project: examples/rtos/LP_EM_CC2755P20/dmm/mac_sensor_ble_basic/freertos/ticlang/mac_sensor_ble_basic_LP_EM_CC2755P20_freertos_ticlang.projectspec

File not found: ${COM_TI_SIMPLELINK_LOWPOWER_F3_SDK_INSTALL_DIR}/source/ti/ble/app_util/framework/src/bleapputil_task.c
In project: examples/rtos/LP_EM_CC2755P20/dmm/mac_sensor_ble_basic/freertos/ticlang/mac_sensor_ble_basic_LP_EM_CC2755P20_freertos_ticlang.projectspec

File not found: ${COM_TI_SIMPLELINK_LOWPOWER_F3_SDK_INSTALL_DIR}/source/ti/ble/app_util/framework/src/bleapputil_init.c
In project: examples/rtos/LP_EM_CC2755P20/dmm/mac_sensor_ble_basic/freertos/ticlang/mac_sensor_ble_basic_LP_EM_CC2755P20_freertos_ticlang.projectspec

File not found: ${COM_TI_SIMPLELINK_LOWPOWER_F3_SDK_INSTALL_DIR}/source/ti/ble/app_util/framework/src/bleapputil_process.c
In project: examples/rtos/LP_EM_CC2755P20/dmm/mac_sensor_ble_basic/freertos/ticlang/mac_sensor_ble_basic_LP_EM_CC2755P20_freertos_ticlang.projectspec

File not found: ${COM_TI_SIMPLELINK_LOWPOWER_F3_SDK_INSTALL_DIR}/source/ti/ble/app_util/framework/src/bleapputil_stack_callbacks.c
In project: examples/rtos/LP_EM_CC2755P20/dmm/mac_sensor_ble_basic/freertos/ticlang/mac_sensor_ble_basic_LP_EM_CC2755P20_freertos_ticlang.projectspec

File not found: ${COM_TI_SIMPLELINK_LOWPOWER_F3_SDK_INSTALL_DIR}/source/ti/ble/app_util/framework/src/bleapputil_timers.c
In project: examples/rtos/LP_EM_CC2755P20/dmm/mac_sensor_ble_basic/freertos/ticlang/mac_sensor_ble_basic_LP_EM_CC2755P20_freertos_ticlang.projectspec

File not found: ${COM_TI_SIMPLELINK_LOWPOWER_F3_SDK_INSTALL_DIR}/source/ti/ble/stack_util/lib_opt/rom_init.c
In project: examples/rtos/LP_EM_CC2755P20/dmm/mac_sensor_ble_basic/freertos/ticlang/mac_sensor_ble_basic_LP_EM_CC2755P20_freertos_ticlang.projectspec

File not found: ${COM_TI_SIMPLELINK_LOWPOWER_F3_SDK_INSTALL_DIR}/source/ti/ble/stack_util/lib_opt/src/ctrl_opt_padv.c
In project: examples/rtos/LP_EM_CC2755P20/dmm/mac_sensor_ble_basic/freertos/ticlang/mac_sensor_ble_basic_LP_EM_CC2755P20_freertos_ticlang.projectspec

File not found: ${COM_TI_SIMPLELINK_LOWPOWER_F3_SDK_INSTALL_DIR}/source/ti/ble/stack_util/lib_opt/src/ctrl_opt_pscan.c
In project: examples/rtos/LP_EM_CC2755P20/dmm/mac_sensor_ble_basic/freertos/ticlang/mac_sensor_ble_basic_LP_EM_CC2755P20_freertos_ticlang.projectspec

File not found: ${COM_TI_SIMPLELINK_LOWPOWER_F3_SDK_INSTALL_DIR}/source/ti/ble/stack_util/lib_opt/src/ctrl_opt_cs.c
In project: examples/rtos/LP_EM_CC2755P20/dmm/mac_sensor_ble_basic/freertos/ticlang/mac_sensor_ble_basic_LP_EM_CC2755P20_freertos_ticlang.projectspec

File not found: ${COM_TI_SIMPLELINK_LOWPOWER_F3_SDK_INSTALL_DIR}/source/ti/ble/stack_util/lib_opt/src/ctrl_opt_cs_test.c
In project: examples/rtos/LP_EM_CC2755P20/dmm/mac_sensor_ble_basic/freertos/ticlang/mac_sensor_ble_basic_LP_EM_CC2755P20_freertos_ticlang.projectspec

File not found: ${COM_TI_SIMPLELINK_LOWPOWER_F3_SDK_INSTALL_DIR}/source/ti/ble/stack_util/lib_opt/src/ctrl_opt_initiator.c
In project: examples/rtos/LP_EM_CC2755P20/dmm/mac_sensor_ble_basic/freertos/ticlang/mac_sensor_ble_basic_LP_EM_CC2755P20_freertos_ticlang.projectspec

File not found: ${COM_TI_SIMPLELINK_LOWPOWER_F3_SDK_INSTALL_DIR}/source/ti/ble/stack_util/lib_opt/src/ctrl_opt_connectable.c
In project: examples/rtos/LP_EM_CC2755P20/dmm/mac_sensor_ble_basic/freertos/ticlang/mac_sensor_ble_basic_LP_EM_CC2755P20_freertos_ticlang.projectspec

File not found: ${COM_TI_SIMPLELINK_LOWPOWER_F3_SDK_INSTALL_DIR}/source/ti/ble/stack_util/lib_opt/src/ctrl_opt_scanner.c
In project: examples/rtos/LP_EM_CC2755P20/dmm/mac_sensor_ble_basic/freertos/ticlang/mac_sensor_ble_basic_LP_EM_CC2755P20_freertos_ticlang.projectspec

File not found: ${COM_TI_SIMPLELINK_LOWPOWER_F3_SDK_INSTALL_DIR}/source/ti/ble/stack_util/lib_opt/src/ctrl_opt_cm.c
In project: examples/rtos/LP_EM_CC2755P20/dmm/mac_sensor_ble_basic/freertos/ticlang/mac_sensor_ble_basic_LP_EM_CC2755P20_freertos_ticlang.projectspec

File not found: ${COM_TI_SIMPLELINK_LOWPOWER_F3_SDK_INSTALL_DIR}/source/ti/ble/stack_util/lib_opt/src/ctrl_opt_power_control.c
In project: examples/rtos/LP_EM_CC2755P20/dmm/mac_sensor_ble_basic/freertos/ticlang/mac_sensor_ble_basic_LP_EM_CC2755P20_freertos_ticlang.projectspec

File not found: ${COM_TI_SIMPLELINK_LOWPOWER_F3_SDK_INSTALL_DIR}/source/ti/ble/stack_util/lib_opt/src/ctrl_opt_rssi_monitor.c
In project: examples/rtos/LP_EM_CC2755P20/dmm/mac_sensor_ble_basic/freertos/ticlang/mac_sensor_ble_basic_LP_EM_CC2755P20_freertos_ticlang.projectspec

File not found: ${COM_TI_SIMPLELINK_LOWPOWER_F3_SDK_INSTALL_DIR}/source/ti/ble/stack_util/lib_opt/src/ctrl_opt_connection_handover.c
In project: examples/rtos/LP_EM_CC2755P20/dmm/mac_sensor_ble_basic/freertos/ticlang/mac_sensor_ble_basic_LP_EM_CC2755P20_freertos_ticlang.projectspec

File not found: ${COM_TI_SIMPLELINK_LOWPOWER_F3_SDK_INSTALL_DIR}/source/ti/ble/stack_util/lib_opt/src/ctrl_opt_legacy_cmd.c
In project: examples/rtos/LP_EM_CC2755P20/dmm/mac_sensor_ble_basic/freertos/ticlang/mac_sensor_ble_basic_LP_EM_CC2755P20_freertos_ticlang.projectspec

File not found: ${COM_TI_SIMPLELINK_LOWPOWER_F3_SDK_INSTALL_DIR}/source/ti/ble/stack_util/lib_opt/src/ctrl_opt_health_check.c
In project: examples/rtos/LP_EM_CC2755P20/dmm/mac_sensor_ble_basic/freertos/ticlang/mac_sensor_ble_basic_LP_EM_CC2755P20_freertos_ticlang.projectspec

File not found: ${COM_TI_SIMPLELINK_LOWPOWER_F3_SDK_INSTALL_DIR}/source/ti/ble/stack_util/lib_opt/src/ctrl_opt_adv_conn.c
In project: examples/rtos/LP_EM_CC2755P20/dmm/mac_sensor_ble_basic/freertos/ticlang/mac_sensor_ble_basic_LP_EM_CC2755P20_freertos_ticlang.projectspec

File not found: ${COM_TI_SIMPLELINK_LOWPOWER_F3_SDK_INSTALL_DIR}/source/ti/ble/stack_util/lib_opt/src/ctrl_opt_adv_nconn.c
In project: examples/rtos/LP_EM_CC2755P20/dmm/mac_sensor_ble_basic/freertos/ticlang/mac_sensor_ble_basic_LP_EM_CC2755P20_freertos_ticlang.projectspec

File not found: ${COM_TI_SIMPLELINK_LOWPOWER_F3_SDK_INSTALL_DIR}/source/ti/ble/stack_util/lib_opt/src/ctrl_opt_ae.c
In project: examples/rtos/LP_EM_CC2755P20/dmm/mac_sensor_ble_basic/freertos/ticlang/mac_sensor_ble_basic_LP_EM_CC2755P20_freertos_ticlang.projectspec

File not found: ${COM_TI_SIMPLELINK_LOWPOWER_F3_SDK_INSTALL_DIR}/source/ti/ble/stack_util/lib_opt/src/ctrl_opt_adaptivity.c
In project: examples/rtos/LP_EM_CC2755P20/dmm/mac_sensor_ble_basic/freertos/ticlang/mac_sensor_ble_basic_LP_EM_CC2755P20_freertos_ticlang.projectspec

File not found: ${COM_TI_SIMPLELINK_LOWPOWER_F3_SDK_INSTALL_DIR}/source/ti/ble/stack_util/lib_opt/src/ctrl_opt_ble_health.c
In project: examples/rtos/LP_EM_CC2755P20/dmm/mac_sensor_ble_basic/freertos/ticlang/mac_sensor_ble_basic_LP_EM_CC2755P20_freertos_ticlang.projectspec

File not found: ${COM_TI_SIMPLELINK_LOWPOWER_F3_SDK_INSTALL_DIR}/source/ti/ble/stack_util/lib_opt/src/ctrl_opt_dmm.c
In project: examples/rtos/LP_EM_CC2755P20/dmm/mac_sensor_ble_basic/freertos/ticlang/mac_sensor_ble_basic_LP_EM_CC2755P20_freertos_ticlang.projectspec

File not found: ${COM_TI_SIMPLELINK_LOWPOWER_F3_SDK_INSTALL_DIR}/source/ti/ble/stack_util/lib_opt/src/ctrl_opt_dmm_dynamic_priority.c
In project: examples/rtos/LP_EM_CC2755P20/dmm/mac_sensor_ble_basic/freertos/ticlang/mac_sensor_ble_basic_LP_EM_CC2755P20_freertos_ticlang.projectspec

File not found: ${COM_TI_SIMPLELINK_LOWPOWER_F3_SDK_INSTALL_DIR}/source/ti/ble/stack_util/lib_opt/src/host_opt_gap_bond_mgr.c
In project: examples/rtos/LP_EM_CC2755P20/dmm/mac_sensor_ble_basic/freertos/ticlang/mac_sensor_ble_basic_LP_EM_CC2755P20_freertos_ticlang.projectspec

File not found: ${COM_TI_SIMPLELINK_LOWPOWER_F3_SDK_INSTALL_DIR}/source/ti/common/nv/crc.c
In project: examples/rtos/LP_EM_CC2755P20/dmm/mac_sensor_ble_basic/freertos/ticlang/mac_sensor_ble_basic_LP_EM_CC2755P20_freertos_ticlang.projectspec

File not found: ${COM_TI_SIMPLELINK_LOWPOWER_F3_SDK_INSTALL_DIR}/source/ti/common/nv/crc.h
In project: examples/rtos/LP_EM_CC2755P20/dmm/mac_sensor_ble_basic/freertos/ticlang/mac_sensor_ble_basic_LP_EM_CC2755P20_freertos_ticlang.projectspec

File not found: ${COM_TI_SIMPLELINK_LOWPOWER_F3_SDK_INSTALL_DIR}/source/ti/common/nv/nvocmp.c
In project: examples/rtos/LP_EM_CC2755P20/dmm/mac_sensor_ble_basic/freertos/ticlang/mac_sensor_ble_basic_LP_EM_CC2755P20_freertos_ticlang.projectspec

File not found: ${COM_TI_SIMPLELINK_LOWPOWER_F3_SDK_INSTALL_DIR}/source/ti/common/nv/nvocmp.h
In project: examples/rtos/LP_EM_CC2755P20/dmm/mac_sensor_ble_basic/freertos/ticlang/mac_sensor_ble_basic_LP_EM_CC2755P20_freertos_ticlang.projectspec

File not found: ${COM_TI_SIMPLELINK_LOWPOWER_F3_SDK_INSTALL_DIR}/source/ti/common/nv/nvintf.h
In project: examples/rtos/LP_EM_CC2755P20/dmm/mac_sensor_ble_basic/freertos/ticlang/mac_sensor_ble_basic_LP_EM_CC2755P20_freertos_ticlang.projectspec

File not found: ${COM_TI_SIMPLELINK_LOWPOWER_F3_SDK_INSTALL_DIR}/source/ti/ble/stack_util/icall/app/icall.h
In project: examples/rtos/LP_EM_CC2755P20/dmm/mac_sensor_ble_basic/freertos/ticlang/mac_sensor_ble_basic_LP_EM_CC2755P20_freertos_ticlang.projectspec

File not found: ${COM_TI_SIMPLELINK_LOWPOWER_F3_SDK_INSTALL_DIR}/source/ti/ble/stack_util/icall/app/icall_addrs.h
In project: examples/rtos/LP_EM_CC2755P20/dmm/mac_sensor_ble_basic/freertos/ticlang/mac_sensor_ble_basic_LP_EM_CC2755P20_freertos_ticlang.projectspec

File not found: ${COM_TI_SIMPLELINK_LOWPOWER_F3_SDK_INSTALL_DIR}/source/ti/ble/stack_util/icall/app/src/icall.c
In project: examples/rtos/LP_EM_CC2755P20/dmm/mac_sensor_ble_basic/freertos/ticlang/mac_sensor_ble_basic_LP_EM_CC2755P20_freertos_ticlang.projectspec

File not found: ${COM_TI_SIMPLELINK_LOWPOWER_F3_SDK_INSTALL_DIR}/source/ti/ble/stack_util/icall/app/icall_platform.h
In project: examples/rtos/LP_EM_CC2755P20/dmm/mac_sensor_ble_basic/freertos/ticlang/mac_sensor_ble_basic_LP_EM_CC2755P20_freertos_ticlang.projectspec

File not found: ${COM_TI_SIMPLELINK_LOWPOWER_F3_SDK_INSTALL_DIR}/source/ti/ble/stack_util/icall/app/src/icall_user_config.c
In project: examples/rtos/LP_EM_CC2755P20/dmm/mac_sensor_ble_basic/freertos/ticlang/mac_sensor_ble_basic_LP_EM_CC2755P20_freertos_ticlang.projectspec

File not found: ${COM_TI_SIMPLELINK_LOWPOWER_F3_SDK_INSTALL_DIR}/source/ti/ble/stack_util/icall/app/icall_user_config.h
In project: examples/rtos/LP_EM_CC2755P20/dmm/mac_sensor_ble_basic/freertos/ticlang/mac_sensor_ble_basic_LP_EM_CC2755P20_freertos_ticlang.projectspec

File not found: ${COM_TI_SIMPLELINK_LOWPOWER_F3_SDK_INSTALL_DIR}/source/ti/ble/app_util/config/src/ble_user_config.c
In project: examples/rtos/LP_EM_CC2755P20/dmm/mac_sensor_ble_basic/freertos/ticlang/mac_sensor_ble_basic_LP_EM_CC2755P20_freertos_ticlang.projectspec

File not found: ${COM_TI_SIMPLELINK_LOWPOWER_F3_SDK_INSTALL_DIR}/source/ti/ble/app_util/config/ble_user_config.h
In project: examples/rtos/LP_EM_CC2755P20/dmm/mac_sensor_ble_basic/freertos/ticlang/mac_sensor_ble_basic_LP_EM_CC2755P20_freertos_ticlang.projectspec

File not found: ${COM_TI_SIMPLELINK_LOWPOWER_F3_SDK_INSTALL_DIR}/source/ti/ble/app_util/config/src/hci_supported_cmd.c
In project: examples/rtos/LP_EM_CC2755P20/dmm/mac_sensor_ble_basic/freertos/ticlang/mac_sensor_ble_basic_LP_EM_CC2755P20_freertos_ticlang.projectspec

File not found: ${COM_TI_SIMPLELINK_LOWPOWER_F3_SDK_INSTALL_DIR}/source/ti/ble/controller/hci/hci_supported_cmd.h
In project: examples/rtos/LP_EM_CC2755P20/dmm/mac_sensor_ble_basic/freertos/ticlang/mac_sensor_ble_basic_LP_EM_CC2755P20_freertos_ticlang.projectspec

File not found: ${COM_TI_SIMPLELINK_LOWPOWER_F3_SDK_INSTALL_DIR}/source/ti/ble/stack_util/icall/app/icall_ble_apimsg.h
In project: examples/rtos/LP_EM_CC2755P20/dmm/mac_sensor_ble_basic/freertos/ticlang/mac_sensor_ble_basic_LP_EM_CC2755P20_freertos_ticlang.projectspec

File not found: ${COM_TI_SIMPLELINK_LOWPOWER_F3_SDK_INSTALL_DIR}/source/ti/ble/app_util/menu/menu_module.h
In project: examples/rtos/LP_EM_CC2755P20/dmm/mac_sensor_ble_basic/freertos/ticlang/mac_sensor_ble_basic_LP_EM_CC2755P20_freertos_ticlang.projectspec

File not found: ${COM_TI_SIMPLELINK_LOWPOWER_F3_SDK_INSTALL_DIR}/source/ti/ble/app_util/menu/src/menu_module.c
In project: examples/rtos/LP_EM_CC2755P20/dmm/mac_sensor_ble_basic/freertos/ticlang/mac_sensor_ble_basic_LP_EM_CC2755P20_freertos_ticlang.projectspec

File not found: ${COM_TI_SIMPLELINK_LOWPOWER_F3_SDK_INSTALL_DIR}/source/ti/ble/profiles/simple_gatt/simple_gatt_profile.h
In project: examples/rtos/LP_EM_CC2755P20/dmm/mac_sensor_ble_basic/freertos/ticlang/mac_sensor_ble_basic_LP_EM_CC2755P20_freertos_ticlang.projectspec

File not found: ${COM_TI_SIMPLELINK_LOWPOWER_F3_SDK_INSTALL_DIR}/source/ti/ble/profiles/simple_gatt/src/simple_gatt_profile.c
In project: examples/rtos/LP_EM_CC2755P20/dmm/mac_sensor_ble_basic/freertos/ticlang/mac_sensor_ble_basic_LP_EM_CC2755P20_freertos_ticlang.projectspec

File not found: ${COM_TI_SIMPLELINK_LOWPOWER_F3_SDK_INSTALL_DIR}/source/ti/ble/stack_util/health_toolkit/debugInfo.h
In project: examples/rtos/LP_EM_CC2755P20/dmm/mac_sensor_ble_basic/freertos/ticlang/mac_sensor_ble_basic_LP_EM_CC2755P20_freertos_ticlang.projectspec

File not found: ${COM_TI_SIMPLELINK_LOWPOWER_F3_SDK_INSTALL_DIR}/source/ti/ble/stack_util/health_toolkit/debugInfo_errno.h
In project: examples/rtos/LP_EM_CC2755P20/dmm/mac_sensor_ble_basic/freertos/ticlang/mac_sensor_ble_basic_LP_EM_CC2755P20_freertos_ticlang.projectspec

File not found: ${COM_TI_SIMPLELINK_LOWPOWER_F3_SDK_INSTALL_DIR}/source/ti/ble/stack_util/health_toolkit/src/debugInfo.c
In project: examples/rtos/LP_EM_CC2755P20/dmm/mac_sensor_ble_basic/freertos/ticlang/mac_sensor_ble_basic_LP_EM_CC2755P20_freertos_ticlang.projectspec

File not found: ${COM_TI_SIMPLELINK_LOWPOWER_F3_SDK_INSTALL_DIR}/source/ti/ble/stack_util/health_toolkit/src/ble_sys_stat.c
In project: examples/rtos/LP_EM_CC2755P20/dmm/mac_sensor_ble_basic/freertos/ticlang/mac_sensor_ble_basic_LP_EM_CC2755P20_freertos_ticlang.projectspec

File not found: ${COM_TI_SIMPLELINK_LOWPOWER_F3_SDK_INSTALL_DIR}/source/ti/ble/stack_util/icall/app/src/icall_POSIX.c
In project: examples/rtos/LP_EM_CC2755P20/dmm/mac_sensor_ble_basic/freertos/ticlang/mac_sensor_ble_basic_LP_EM_CC2755P20_freertos_ticlang.projectspec

